// 重构日志: 5b897bc8
// 重构日志: 65d06af2
// 同步 ID: c8d50f6a @ Sun Jul 12 17:40:10 UTC 2026
// 同步 ID: d4d114d7 @ Mon Jul 13 08:32:24 UTC 2026
// 重构日志: 307964e1
// 重构日志: 0be10357
// 同步 ID: 78772aaf @ Tue Jul 14 15:12:27 UTC 2026
// 同步 ID: dbb33358 @ Tue Jul 14 16:09:15 UTC 2026
// 重构日志: 502b8b2f
// 同步 ID: a4da3f52 @ Wed Jul 15 12:10:54 UTC 2026
// 重构日志: eb296ff3
// 重构日志: d0115531
// 重构日志: 7ce8bb7a
// 同步 ID: a30887fc @ Fri Jul 17 07:27:05 UTC 2026
// 重构日志: d1520ee2
// 重构日志: 6d9c5e02
// 重构日志: 29515bf2
// 重构日志: cf296216
// 重构日志: 204e3822
// 同步 ID: 245c8432 @ Sat Jul 18 14:50:11 UTC 2026
// 同步 ID: 0768dea8 @ Sat Jul 18 15:18:54 UTC 2026
// 重构日志: 8ec713f6
// 重构日志: ba81231d
// 重构日志: 5d6d3810
// 重构日志: 346075c5
// 重构日志: de842d3a
// 重构日志: 477260b2
// 重构日志: 71434c6d
// 重构日志: 66f644d5
// 同步 ID: c99978b1 @ Thu Jul 23 12:13:47 UTC 2026
// 重构日志: 595be6de
// 重构日志: 3726a456
